Archive member included to satisfy reference by file (symbol)

/home/uri/.espressif/tools/riscv32-esp-elf/esp-14.2.0_20241119/riscv32-esp-elf/bin/../lib/gcc/riscv32-esp-elf/14.2.0/../../../../riscv32-esp-elf/lib/libc.a(libc_a-memcpy.o)
                              kernelboot.o (memcpy)

Discarded input sections

 .debug_info    0x00000000      0x256 /home/uri/.espressif/tools/riscv32-esp-elf/esp-14.2.0_20241119/riscv32-esp-elf/bin/../lib/gcc/riscv32-esp-elf/14.2.0/../../../../riscv32-esp-elf/lib/libc.a(libc_a-memcpy.o)
 .debug_abbrev  0x00000000      0x107 /home/uri/.espressif/tools/riscv32-esp-elf/esp-14.2.0_20241119/riscv32-esp-elf/bin/../lib/gcc/riscv32-esp-elf/14.2.0/../../../../riscv32-esp-elf/lib/libc.a(libc_a-memcpy.o)
 .debug_loclists
                0x00000000      0x1d6 /home/uri/.espressif/tools/riscv32-esp-elf/esp-14.2.0_20241119/riscv32-esp-elf/bin/../lib/gcc/riscv32-esp-elf/14.2.0/../../../../riscv32-esp-elf/lib/libc.a(libc_a-memcpy.o)
 .debug_aranges
                0x00000000       0x20 /home/uri/.espressif/tools/riscv32-esp-elf/esp-14.2.0_20241119/riscv32-esp-elf/bin/../lib/gcc/riscv32-esp-elf/14.2.0/../../../../riscv32-esp-elf/lib/libc.a(libc_a-memcpy.o)
 .debug_line    0x00000000      0x31c /home/uri/.espressif/tools/riscv32-esp-elf/esp-14.2.0_20241119/riscv32-esp-elf/bin/../lib/gcc/riscv32-esp-elf/14.2.0/../../../../riscv32-esp-elf/lib/libc.a(libc_a-memcpy.o)
 .debug_str     0x00000000      0x12c /home/uri/.espressif/tools/riscv32-esp-elf/esp-14.2.0_20241119/riscv32-esp-elf/bin/../lib/gcc/riscv32-esp-elf/14.2.0/../../../../riscv32-esp-elf/lib/libc.a(libc_a-memcpy.o)
 .debug_line_str
                0x00000000      0x2f4 /home/uri/.espressif/tools/riscv32-esp-elf/esp-14.2.0_20241119/riscv32-esp-elf/bin/../lib/gcc/riscv32-esp-elf/14.2.0/../../../../riscv32-esp-elf/lib/libc.a(libc_a-memcpy.o)
 .debug_frame   0x00000000       0x20 /home/uri/.espressif/tools/riscv32-esp-elf/esp-14.2.0_20241119/riscv32-esp-elf/bin/../lib/gcc/riscv32-esp-elf/14.2.0/../../../../riscv32-esp-elf/lib/libc.a(libc_a-memcpy.o)

Memory Configuration

Name             Origin             Length             Attributes
FLASH            0x20100000         0x10000000         xr
BRAM             0x807f8000         0x00008000         xrw
*default*        0x00000000         0xffffffff

Linker script and memory map

TARGET(elf32-littleriscv)
LOAD crt0.o
LOAD kernelboot.o
LOAD /home/uri/.espressif/tools/riscv32-esp-elf/esp-14.2.0_20241119/riscv32-esp-elf/bin/../lib/gcc/riscv32-esp-elf/14.2.0/../../../../riscv32-esp-elf/lib/libc.a
LOAD /home/uri/.espressif/tools/riscv32-esp-elf/esp-14.2.0_20241119/riscv32-esp-elf/bin/../lib/gcc/riscv32-esp-elf/14.2.0/../../../../riscv32-esp-elf/lib/libm.a
LOAD /home/uri/.espressif/tools/riscv32-esp-elf/esp-14.2.0_20241119/riscv32-esp-elf/bin/../lib/gcc/riscv32-esp-elf/14.2.0/libgcc.a
LOAD /home/uri/.espressif/tools/riscv32-esp-elf/esp-14.2.0_20241119/riscv32-esp-elf/bin/../lib/gcc/riscv32-esp-elf/14.2.0/libgcc.a
LOAD /home/uri/.espressif/tools/riscv32-esp-elf/esp-14.2.0_20241119/riscv32-esp-elf/bin/../lib/gcc/riscv32-esp-elf/14.2.0/../../../../riscv32-esp-elf/lib/libc.a
LOAD /home/uri/.espressif/tools/riscv32-esp-elf/esp-14.2.0_20241119/riscv32-esp-elf/bin/../lib/gcc/riscv32-esp-elf/14.2.0/../../../../riscv32-esp-elf/lib/libnosys.a
LOAD /home/uri/.espressif/tools/riscv32-esp-elf/esp-14.2.0_20241119/riscv32-esp-elf/bin/../lib/gcc/riscv32-esp-elf/14.2.0/../../../../riscv32-esp-elf/lib/libc.a
LOAD /home/uri/.espressif/tools/riscv32-esp-elf/esp-14.2.0_20241119/riscv32-esp-elf/bin/../lib/gcc/riscv32-esp-elf/14.2.0/libgcc.a
                0x80800000                        __stacktop = (ORIGIN (BRAM) + LENGTH (BRAM))

.misc           0x20100000       0x8c
                0x20100000                        . = ALIGN (0x4)
 crt0.o(.text)
 .text          0x20100000       0x8c crt0.o
                0x20100000                _start
                0x2010008c                        . = ALIGN (0x4)
 *(.eh_frame)
 *(.eh_frame_hdr)
 *(.init_array)
 *(.gcc_except_table*)

.text           0x2010008c      0x49c
                0x2010008c                        . = ALIGN (0x4)
 *(.text)
 .text          0x2010008c      0x1dc kernelboot.o
                0x2010008c                uart_putc
                0x201000b0                uart_getc
                0x201000d4                uart_puthex_byte
                0x20100138                uart_puthex
                0x20100188                setup_timer_interrupt
                0x20100198                timer_interrupt_handler
                0x201001f4                SPI_transfer
                0x20100224                test_ram_high
 .text          0x20100268       0xe8 /home/uri/.espressif/tools/riscv32-esp-elf/esp-14.2.0_20241119/riscv32-esp-elf/bin/../lib/gcc/riscv32-esp-elf/14.2.0/../../../../riscv32-esp-elf/lib/libc.a(libc_a-memcpy.o)
                0x20100268                memcpy
 *(.text*)
 .text.startup  0x20100350      0x1b8 kernelboot.o
                0x20100350                main
                0x20100508                        . = ALIGN (0x4)
 *(.rodata)
 *(.rodata*)
 .rodata.str1.4
                0x20100508       0x20 kernelboot.o
                0x20100528                        . = ALIGN (0x4)
                0x20100528                        _etext = .
                0x20100528                        _sidata = _etext

.rela.dyn       0x20100528        0x0
 .rela.text     0x20100528        0x0 crt0.o

.data           0x807f8000       0x24 load address 0x20100528
                0x807f8000                        . = ALIGN (0x4)
                0x807f8000                        _sdata = .
                0x807f8000                        _ram_start = .
 *(.text)
 *(.text*)
                0x807f8000                        . = ALIGN (0x4)
 *(.data)
 .data          0x807f8000        0x0 crt0.o
 .data          0x807f8000        0x0 kernelboot.o
 .data          0x807f8000        0x0 /home/uri/.espressif/tools/riscv32-esp-elf/esp-14.2.0_20241119/riscv32-esp-elf/bin/../lib/gcc/riscv32-esp-elf/14.2.0/../../../../riscv32-esp-elf/lib/libc.a(libc_a-memcpy.o)
 *(.data*)
 *(.sdata)
 .sdata         0x807f8000       0x24 kernelboot.o
                0x807f8000                spi
                0x807f8008                ram_high
                0x807f800c                gpio_ui_in
                0x807f8010                gpio_uo_out
                0x807f8014                gpio_uo_en
                0x807f8018                uart_lsr
                0x807f801c                uart_rx
                0x807f8020                uart_tx
 *(.sdata*)
                0x807f8024                        . = ALIGN (0x4)
                0x807f8024                        _edata = .

.bss            0x807f8024        0x4 load address 0x2010054c
                0x807f8024                        . = ALIGN (0x4)
                0x807f8024                        _sbss = .
 *(.bss)
 .bss           0x807f8024        0x0 crt0.o
 .bss           0x807f8024        0x0 kernelboot.o
 .bss           0x807f8024        0x0 /home/uri/.espressif/tools/riscv32-esp-elf/esp-14.2.0_20241119/riscv32-esp-elf/bin/../lib/gcc/riscv32-esp-elf/14.2.0/../../../../riscv32-esp-elf/lib/libc.a(libc_a-memcpy.o)
 *(.bss*)
 *(.sbss)
 .sbss          0x807f8024        0x4 kernelboot.o
                0x807f8024                interrupt_occurred
 *(.sbss*)
 *(COMMON)
                0x807f8028                        . = ALIGN (0x4)
                0x807f8028                        _ebss = .

.heap           0x807f8028        0x0
                0x807f8028                        . = ALIGN (0x4)
                0x807f8028                        _heap_start = .
                0x807f8028                        _end = .
OUTPUT(firmware.elf elf32-littleriscv)

.riscv.attributes
                0x00000000       0x6a
 .riscv.attributes
                0x00000000       0x59 crt0.o
 .riscv.attributes
                0x00000059       0x5b kernelboot.o
 .riscv.attributes
                0x000000b4       0x66 /home/uri/.espressif/tools/riscv32-esp-elf/esp-14.2.0_20241119/riscv32-esp-elf/bin/../lib/gcc/riscv32-esp-elf/14.2.0/../../../../riscv32-esp-elf/lib/libc.a(libc_a-memcpy.o)

.comment        0x00000000       0x2f
 .comment       0x00000000       0x2f kernelboot.o
                                 0x30 (size before relaxing)
 .comment       0x0000002f       0x30 /home/uri/.espressif/tools/riscv32-esp-elf/esp-14.2.0_20241119/riscv32-esp-elf/bin/../lib/gcc/riscv32-esp-elf/14.2.0/../../../../riscv32-esp-elf/lib/libc.a(libc_a-memcpy.o)

.note.GNU-stack
                0x00000000        0x0
 .note.GNU-stack
                0x00000000        0x0 kernelboot.o
 .note.GNU-stack
                0x00000000        0x0 /home/uri/.espressif/tools/riscv32-esp-elf/esp-14.2.0_20241119/riscv32-esp-elf/bin/../lib/gcc/riscv32-esp-elf/14.2.0/../../../../riscv32-esp-elf/lib/libc.a(libc_a-memcpy.o)
